8 is power of 2
An instance of class: io.github.amarcinkowski.hackerrank.advanced.CanYouAccess.Inner.Private has been created
