The factory returned class io.github.amarcinkowski.hackerrank.advanced.JavaFactory$Cake
Someone ordered a Dessert!
